// Jest Snapshot v1, https://goo.gl/fbAQLP

exports[`Message should have render. 1`] = `
<DocumentFragment>
  <div
    class=""
  >
    <a
      class=""
      href="https://airtable.com/shrWh78cmXzVHcgwV"
      rel="noopener noreferrer"
      target="_blank"
    >
      Kafa açacağını düşündüğün faydalı içerikleri sen de ekleyebilirsin → 
    </a>
  </div>
</DocumentFragment>
`;
